id p  =  p
p && p  =  p
p || p  =  p
p && q  =  q && p
p || q  =  q || p
not (not p)  =  p
p && True  =  p
p && False  =  False
p || True  =  True
p || False  =  p
(p && q) && r  =  p && (q && r)
(p || q) || r  =  p || (q || r)
not (p && q)  =  not p || not q
not (p || q)  =  not p && not q
not False  =  True
not True  =  False
id x  =  x
abs (abs x)  =  abs x
x + 0  =  x
x * 1  =  x
x * 0  =  0
x + y  =  y + x
(x + y) + z  =  x + (y + z)
(x * y) * z  =  x * (y * z)
(x + x) * y  =  x * (y + y)
x * (y + 1)  =  x + x * y
x * (y + z)  =  x * y + x * z
negate (negate x)  =  x
x + negate x  =  0
id xs  =  xs
head (x:xs)  =  x
tail (x:xs)  =  xs
xs ++ []  =  xs
[] ++ xs  =  xs
[x] ++ xs  =  x:xs
(x:xs) ++ ys  =  x:(xs ++ ys)
(xs ++ ys) ++ zs  =  xs ++ (ys ++ zs)
elem x (sort xs)  =  elem x xs
elem x (insert y xs)  =  elem x (y:xs)
sort (sort xs)  =  sort xs
insert x []  =  [x]
sort (xs ++ ys)  =  sort (ys ++ xs)
sort (insert x xs)  =  insert x (sort xs)
sort (x:xs)  =  insert x (sort xs)
sort (xs ++ sort ys)  =  sort (xs ++ ys)
insert x (insert y xs)  =  insert y (insert x xs)
insert x (x:xs)  =  x:x:xs
insert x [y]  =  insert y [x]
not (odd x)  =  even x
not (even x)  =  odd x

([(x :: Int,x :: Int)],x :: Int)
([(x :: Int,0 :: Int)],x :: Int)
([(x :: Int,y :: Int)],x :: Int)
([(x :: Int,1 :: Int)],x :: Int)
([(x :: Int,id x :: Int)],x :: Int)
([(x :: Int,id 0 :: Int)],x :: Int)
([],True :: Bool)
([],False :: Bool)
([(x :: Int,z :: Int)],x :: Int)
([(x :: Int,-1 :: Int)],x :: Int)
([(x :: Int,id y :: Int)],x :: Int)
([(x :: Int,id 1 :: Int)],x :: Int)
([(x :: Int,id (id x) :: Int)],x :: Int)
([(x :: Int,id (id 0) :: Int)],x :: Int)
([(x :: Int,negate x :: Int)],x :: Int)
([(x :: Int,negate 0 :: Int)],x :: Int)
([(x :: Int,abs x :: Int)],x :: Int)
([(x :: Int,abs 0 :: Int)],x :: Int)
([(x :: Int,head xs :: Int)],x :: Int)
([(x :: Int,head [] :: Int)],x :: Int)
([(x :: Int,ord c :: Int)],x :: Int)
([(x :: Int,ord 'a' :: Int)],x :: Int)
([(y :: Int,x :: Int),(x :: Int,x :: Int)],y + x :: Int)
([(y :: Int,0 :: Int),(x :: Int,x :: Int)],y + x :: Int)
([(y :: Int,x :: Int),(x :: Int,0 :: Int)],y + x :: Int)
([(y :: Int,0 :: Int),(x :: Int,0 :: Int)],y + x :: Int)
([(p :: Bool,p :: Bool)],p :: Bool)
([(p :: Bool,False :: Bool)],p :: Bool)
([(p :: Bool,True :: Bool)],p :: Bool)
([(x :: Int,x' :: Int)],x :: Int)
([(x :: Int,2 :: Int)],x :: Int)
([(x :: Int,id z :: Int)],x :: Int)
([(x :: Int,id (-1) :: Int)],x :: Int)
([(x :: Int,id (id y) :: Int)],x :: Int)
([(x :: Int,id (id 1) :: Int)],x :: Int)
([(x :: Int,id (id (id x)) :: Int)],x :: Int)
([(x :: Int,id (id (id 0)) :: Int)],x :: Int)
([(x :: Int,id (negate x) :: Int)],x :: Int)
([(x :: Int,id (negate 0) :: Int)],x :: Int)
([(x :: Int,id (abs x) :: Int)],x :: Int)
([(x :: Int,id (abs 0) :: Int)],x :: Int)
([(x :: Int,id (head xs) :: Int)],x :: Int)
([(x :: Int,id (head []) :: Int)],x :: Int)
([(x :: Int,id (ord c) :: Int)],x :: Int)
([(x :: Int,id (ord 'a') :: Int)],x :: Int)
([(x :: Int,negate y :: Int)],x :: Int)
([(x :: Int,negate 1 :: Int)],x :: Int)
([(x :: Int,negate (id x) :: Int)],x :: Int)
([(x :: Int,negate (id 0) :: Int)],x :: Int)
([(x :: Int,abs y :: Int)],x :: Int)
([(x :: Int,abs 1 :: Int)],x :: Int)
([(x :: Int,abs (id x) :: Int)],x :: Int)
([(x :: Int,abs (id 0) :: Int)],x :: Int)
([(x :: Int,x + x :: Int)],x :: Int)
([(x :: Int,x + 0 :: Int)],x :: Int)
([(x :: Int,0 + x :: Int)],x :: Int)
([(x :: Int,0 + 0 :: Int)],x :: Int)
([(x :: Int,f x :: Int)],x :: Int)
([(x :: Int,f 0 :: Int)],x :: Int)
([(x :: Int,head ys :: Int)],x :: Int)
([(x :: Int,head [0] :: Int)],x :: Int)
([(x :: Int,ord d :: Int)],x :: Int)
([(x :: Int,ord ' ' :: Int)],x :: Int)
([(x :: Int,x :: Int)],x :: Int)
([(x :: Int,0 :: Int)],x :: Int)
([(x :: Int,x :: Int)],abs x :: Int)
([(x :: Int,0 :: Int)],abs x :: Int)
([(y :: Int,y :: Int),(x :: Int,x :: Int)],y + x :: Int)
([(y :: Int,1 :: Int),(x :: Int,x :: Int)],y + x :: Int)
([(y :: Int,id x :: Int),(x :: Int,x :: Int)],y + x :: Int)
([(y :: Int,id 0 :: Int),(x :: Int,x :: Int)],y + x :: Int)
([(y :: Int,y :: Int),(x :: Int,0 :: Int)],y + x :: Int)
([(y :: Int,1 :: Int),(x :: Int,0 :: Int)],y + x :: Int)
([(y :: Int,id x :: Int),(x :: Int,0 :: Int)],y + x :: Int)
([(y :: Int,id 0 :: Int),(x :: Int,0 :: Int)],y + x :: Int)
([(y :: Int,x :: Int),(x :: Int,y :: Int)],y + x :: Int)
([(y :: Int,0 :: Int),(x :: Int,y :: Int)],y + x :: Int)
([(y :: Int,x :: Int),(x :: Int,1 :: Int)],y + x :: Int)
([(y :: Int,0 :: Int),(x :: Int,1 :: Int)],y + x :: Int)
([(y :: Int,x :: Int),(x :: Int,id x :: Int)],y + x :: Int)
([(y :: Int,0 :: Int),(x :: Int,id x :: Int)],y + x :: Int)
([(y :: Int,x :: Int),(x :: Int,id 0 :: Int)],y + x :: Int)
([(y :: Int,0 :: Int),(x :: Int,id 0 :: Int)],y + x :: Int)
([(x :: Int,x :: Int)],0 :: Int)
([(x :: Int,0 :: Int)],0 :: Int)
([(xs :: [Int],xs :: [Int]),(x :: Int,x :: Int)],x :: Int)
([(xs :: [Int],[] :: [Int]),(x :: Int,x :: Int)],x :: Int)
([(xs :: [Int],xs :: [Int]),(x :: Int,0 :: Int)],x :: Int)
([(xs :: [Int],[] :: [Int]),(x :: Int,0 :: Int)],x :: Int)
([(p :: Bool,q :: Bool)],p :: Bool)
([(p :: Bool,not p :: Bool)],p :: Bool)
([(p :: Bool,not False :: Bool)],p :: Bool)
([(p :: Bool,not True :: Bool)],p :: Bool)
([(p :: Bool,p :: Bool)],p :: Bool)
([(q :: Bool,False :: Bool),(p :: Bool,p :: Bool)],q || p :: Bool)
([(q :: Bool,True :: Bool),(p :: Bool,p :: Bool)],q || p :: Bool)
([(q :: Bool,p :: Bool),(p :: Bool,False :: Bool)],q || p :: Bool)
([(p :: Bool,False :: Bool)],p :: Bool)
([(q :: Bool,True :: Bool),(p :: Bool,False :: Bool)],q || p :: Bool)
([(q :: Bool,p :: Bool),(p :: Bool,True :: Bool)],q || p :: Bool)
([(q :: Bool,False :: Bool),(p :: Bool,True :: Bool)],q || p :: Bool)
([(p :: Bool,True :: Bool)],p :: Bool)
([(xs :: [Int],xs :: [Int])],xs :: [Int])
([(xs :: [Int],xs :: [Int])],xs :: [Int])
([(xs :: [Int],[] :: [Int])],xs :: [Int])
([(x :: Int,y' :: Int)],x :: Int)
([(x :: Int,-2 :: Int)],x :: Int)
([(x :: Int,id x' :: Int)],x :: Int)
([(x :: Int,id 2 :: Int)],x :: Int)
([(x :: Int,id (id z) :: Int)],x :: Int)
([(x :: Int,id (id (-1)) :: Int)],x :: Int)
([(x :: Int,id (id (id y)) :: Int)],x :: Int)
([(x :: Int,id (id (id 1)) :: Int)],x :: Int)
([(x :: Int,id (id (id (id x))) :: Int)],x :: Int)
([(x :: Int,id (id (id (id 0))) :: Int)],x :: Int)
([(x :: Int,id (id (negate x)) :: Int)],x :: Int)
([(x :: Int,id (id (negate 0)) :: Int)],x :: Int)
([(x :: Int,id (id (abs x)) :: Int)],x :: Int)
([(x :: Int,id (id (abs 0)) :: Int)],x :: Int)
([(x :: Int,id (id (head xs)) :: Int)],x :: Int)
([(x :: Int,id (id (head [])) :: Int)],x :: Int)
([(x :: Int,id (id (ord c)) :: Int)],x :: Int)
([(x :: Int,id (id (ord 'a')) :: Int)],x :: Int)
([(x :: Int,id (negate y) :: Int)],x :: Int)
([(x :: Int,id (negate 1) :: Int)],x :: Int)
([(x :: Int,id (negate (id x)) :: Int)],x :: Int)
([(x :: Int,id (negate (id 0)) :: Int)],x :: Int)
([(x :: Int,id (abs y) :: Int)],x :: Int)
([(x :: Int,id (abs 1) :: Int)],x :: Int)
([(x :: Int,id (abs (id x)) :: Int)],x :: Int)
([(x :: Int,id (abs (id 0)) :: Int)],x :: Int)
([(x :: Int,id (x + x) :: Int)],x :: Int)
([(x :: Int,id (x + 0) :: Int)],x :: Int)
([(x :: Int,id (0 + x) :: Int)],x :: Int)
([(x :: Int,id (0 + 0) :: Int)],x :: Int)
([(x :: Int,id (f x) :: Int)],x :: Int)
([(x :: Int,id (f 0) :: Int)],x :: Int)
([(x :: Int,id (head ys) :: Int)],x :: Int)
([(x :: Int,id (head [0]) :: Int)],x :: Int)
([(x :: Int,id (ord d) :: Int)],x :: Int)
([(x :: Int,id (ord ' ') :: Int)],x :: Int)
([(x :: Int,negate z :: Int)],x :: Int)
([(x :: Int,negate (-1) :: Int)],x :: Int)
([(x :: Int,negate (id y) :: Int)],x :: Int)
([(x :: Int,negate (id 1) :: Int)],x :: Int)
([(x :: Int,negate (id (id x)) :: Int)],x :: Int)
([(x :: Int,negate (id (id 0)) :: Int)],x :: Int)
([(x :: Int,negate (negate x) :: Int)],x :: Int)
([(x :: Int,negate (negate 0) :: Int)],x :: Int)
([(x :: Int,negate (abs x) :: Int)],x :: Int)
([(x :: Int,negate (abs 0) :: Int)],x :: Int)
([(x :: Int,negate (head xs) :: Int)],x :: Int)
([(x :: Int,negate (head []) :: Int)],x :: Int)
([(x :: Int,negate (ord c) :: Int)],x :: Int)
([(x :: Int,negate (ord 'a') :: Int)],x :: Int)
([(x :: Int,abs z :: Int)],x :: Int)
([(x :: Int,abs (-1) :: Int)],x :: Int)
([(x :: Int,abs (id y) :: Int)],x :: Int)
([(x :: Int,abs (id 1) :: Int)],x :: Int)
([(x :: Int,abs (id (id x)) :: Int)],x :: Int)
([(x :: Int,abs (id (id 0)) :: Int)],x :: Int)
([(x :: Int,abs (negate x) :: Int)],x :: Int)
([(x :: Int,abs (negate 0) :: Int)],x :: Int)
([(x :: Int,abs (abs x) :: Int)],x :: Int)
([(x :: Int,abs (abs 0) :: Int)],x :: Int)
([(x :: Int,abs (head xs) :: Int)],x :: Int)
([(x :: Int,abs (head []) :: Int)],x :: Int)
([(x :: Int,abs (ord c) :: Int)],x :: Int)
([(x :: Int,abs (ord 'a') :: Int)],x :: Int)
([(x :: Int,x + y :: Int)],x :: Int)
([(x :: Int,x + 1 :: Int)],x :: Int)
([(x :: Int,x + id x :: Int)],x :: Int)
([(x :: Int,x + id 0 :: Int)],x :: Int)
([(x :: Int,0 + y :: Int)],x :: Int)
([(x :: Int,0 + 1 :: Int)],x :: Int)
([(x :: Int,0 + id x :: Int)],x :: Int)
([(x :: Int,0 + id 0 :: Int)],x :: Int)
([(x :: Int,f y :: Int)],x :: Int)
([(x :: Int,f 1 :: Int)],x :: Int)
([(x :: Int,f (id x) :: Int)],x :: Int)
([(x :: Int,f (id 0) :: Int)],x :: Int)
([(x :: Int,y + x :: Int)],x :: Int)
([(x :: Int,y + 0 :: Int)],x :: Int)
([(x :: Int,1 + x :: Int)],x :: Int)
([(x :: Int,1 + 0 :: Int)],x :: Int)
([(x :: Int,id x + x :: Int)],x :: Int)
([(x :: Int,id x + 0 :: Int)],x :: Int)
([(x :: Int,id 0 + x :: Int)],x :: Int)
([(x :: Int,id 0 + 0 :: Int)],x :: Int)
([(x :: Int,x * x :: Int)],x :: Int)
([(x :: Int,x * 0 :: Int)],x :: Int)
([(x :: Int,0 * x :: Int)],x :: Int)
([(x :: Int,0 * 0 :: Int)],x :: Int)
([(x :: Int,g x :: Int)],x :: Int)
([(x :: Int,g 0 :: Int)],x :: Int)
([(x :: Int,head zs :: Int)],x :: Int)
([(x :: Int,head [0,0] :: Int)],x :: Int)
([(x :: Int,head [1] :: Int)],x :: Int)
([(x :: Int,head (x:xs) :: Int)],x :: Int)
([(x :: Int,head [x] :: Int)],x :: Int)
([(x :: Int,head (0:xs) :: Int)],x :: Int)
([(x :: Int,head [0] :: Int)],x :: Int)
([(x :: Int,head (tail xs) :: Int)],x :: Int)
([(x :: Int,head (tail []) :: Int)],x :: Int)
([(x :: Int,ord e :: Int)],x :: Int)
([(x :: Int,ord 'b' :: Int)],x :: Int)
([(x :: Int,y :: Int)],x :: Int)
([(x :: Int,1 :: Int)],x :: Int)
([(x :: Int,id x :: Int)],x :: Int)
([(x :: Int,id 0 :: Int)],x :: Int)
([(x :: Int,y :: Int)],abs x :: Int)
([(x :: Int,1 :: Int)],abs x :: Int)
([(x :: Int,id x :: Int)],abs x :: Int)
([(x :: Int,id 0 :: Int)],abs x :: Int)
([(y :: Int,z :: Int),(x :: Int,x :: Int)],y + x :: Int)
([(y :: Int,-1 :: Int),(x :: Int,x :: Int)],y + x :: Int)
([(y :: Int,id y :: Int),(x :: Int,x :: Int)],y + x :: Int)
([(y :: Int,id 1 :: Int),(x :: Int,x :: Int)],y + x :: Int)
([(y :: Int,id (id x) :: Int),(x :: Int,x :: Int)],y + x :: Int)
([(y :: Int,id (id 0) :: Int),(x :: Int,x :: Int)],y + x :: Int)
([(y :: Int,negate x :: Int),(x :: Int,x :: Int)],y + x :: Int)
([(y :: Int,negate 0 :: Int),(x :: Int,x :: Int)],y + x :: Int)
([(y :: Int,abs x :: Int),(x :: Int,x :: Int)],y + x :: Int)
([(y :: Int,abs 0 :: Int),(x :: Int,x :: Int)],y + x :: Int)
([(y :: Int,head xs :: Int),(x :: Int,x :: Int)],y + x :: Int)
([(y :: Int,head [] :: Int),(x :: Int,x :: Int)],y + x :: Int)
([(y :: Int,ord c :: Int),(x :: Int,x :: Int)],y + x :: Int)
([(y :: Int,ord 'a' :: Int),(x :: Int,x :: Int)],y + x :: Int)
([(y :: Int,z :: Int),(x :: Int,0 :: Int)],y + x :: Int)
([(y :: Int,-1 :: Int),(x :: Int,0 :: Int)],y + x :: Int)
([(y :: Int,id y :: Int),(x :: Int,0 :: Int)],y + x :: Int)
([(y :: Int,id 1 :: Int),(x :: Int,0 :: Int)],y + x :: Int)
([(y :: Int,id (id x) :: Int),(x :: Int,0 :: Int)],y + x :: Int)
([(y :: Int,id (id 0) :: Int),(x :: Int,0 :: Int)],y + x :: Int)
([(y :: Int,negate x :: Int),(x :: Int,0 :: Int)],y + x :: Int)
([(y :: Int,negate 0 :: Int),(x :: Int,0 :: Int)],y + x :: Int)
([(y :: Int,abs x :: Int),(x :: Int,0 :: Int)],y + x :: Int)
([(y :: Int,abs 0 :: Int),(x :: Int,0 :: Int)],y + x :: Int)
([(y :: Int,head xs :: Int),(x :: Int,0 :: Int)],y + x :: Int)
([(y :: Int,head [] :: Int),(x :: Int,0 :: Int)],y + x :: Int)
([(y :: Int,ord c :: Int),(x :: Int,0 :: Int)],y + x :: Int)
([(y :: Int,ord 'a' :: Int),(x :: Int,0 :: Int)],y + x :: Int)
([(y :: Int,y :: Int),(x :: Int,y :: Int)],y + x :: Int)
([(y :: Int,1 :: Int),(x :: Int,y :: Int)],y + x :: Int)
([(y :: Int,id x :: Int),(x :: Int,y :: Int)],y + x :: Int)
([(y :: Int,id 0 :: Int),(x :: Int,y :: Int)],y + x :: Int)
([(y :: Int,y :: Int),(x :: Int,1 :: Int)],y + x :: Int)
([(y :: Int,1 :: Int),(x :: Int,1 :: Int)],y + x :: Int)
([(y :: Int,id x :: Int),(x :: Int,1 :: Int)],y + x :: Int)
([(y :: Int,id 0 :: Int),(x :: Int,1 :: Int)],y + x :: Int)
([(y :: Int,y :: Int),(x :: Int,id x :: Int)],y + x :: Int)
([(y :: Int,1 :: Int),(x :: Int,id x :: Int)],y + x :: Int)
([(y :: Int,id x :: Int),(x :: Int,id x :: Int)],y + x :: Int)
([(y :: Int,id 0 :: Int),(x :: Int,id x :: Int)],y + x :: Int)
([(y :: Int,y :: Int),(x :: Int,id 0 :: Int)],y + x :: Int)
([(y :: Int,1 :: Int),(x :: Int,id 0 :: Int)],y + x :: Int)
([(y :: Int,id x :: Int),(x :: Int,id 0 :: Int)],y + x :: Int)
([(y :: Int,id 0 :: Int),(x :: Int,id 0 :: Int)],y + x :: Int)
([(x :: Int,x :: Int)],x :: Int)
([(x :: Int,0 :: Int)],x :: Int)
([(y :: Int,x :: Int),(x :: Int,z :: Int)],y + x :: Int)
([(y :: Int,0 :: Int),(x :: Int,z :: Int)],y + x :: Int)
([(y :: Int,x :: Int),(x :: Int,-1 :: Int)],y + x :: Int)
([(y :: Int,0 :: Int),(x :: Int,-1 :: Int)],y + x :: Int)
([(y :: Int,x :: Int),(x :: Int,id y :: Int)],y + x :: Int)
([(y :: Int,0 :: Int),(x :: Int,id y :: Int)],y + x :: Int)
([(y :: Int,x :: Int),(x :: Int,id 1 :: Int)],y + x :: Int)
([(y :: Int,0 :: Int),(x :: Int,id 1 :: Int)],y + x :: Int)
([(y :: Int,x :: Int),(x :: Int,id (id x) :: Int)],y + x :: Int)
([(y :: Int,0 :: Int),(x :: Int,id (id x) :: Int)],y + x :: Int)
([(y :: Int,x :: Int),(x :: Int,id (id 0) :: Int)],y + x :: Int)
([(y :: Int,0 :: Int),(x :: Int,id (id 0) :: Int)],y + x :: Int)
([(y :: Int,x :: Int),(x :: Int,negate x :: Int)],y + x :: Int)
([(y :: Int,0 :: Int),(x :: Int,negate x :: Int)],y + x :: Int)
([(y :: Int,x :: Int),(x :: Int,negate 0 :: Int)],y + x :: Int)
([(y :: Int,0 :: Int),(x :: Int,negate 0 :: Int)],y + x :: Int)
([(y :: Int,x :: Int),(x :: Int,abs x :: Int)],y + x :: Int)
([(y :: Int,0 :: Int),(x :: Int,abs x :: Int)],y + x :: Int)
([(y :: Int,x :: Int),(x :: Int,abs 0 :: Int)],y + x :: Int)
([(y :: Int,0 :: Int),(x :: Int,abs 0 :: Int)],y + x :: Int)
([(y :: Int,x :: Int),(x :: Int,head xs :: Int)],y + x :: Int)
([(y :: Int,0 :: Int),(x :: Int,head xs :: Int)],y + x :: Int)
([(y :: Int,x :: Int),(x :: Int,head [] :: Int)],y + x :: Int)
([(y :: Int,0 :: Int),(x :: Int,head [] :: Int)],y + x :: Int)
([(y :: Int,x :: Int),(x :: Int,ord c :: Int)],y + x :: Int)
([(y :: Int,0 :: Int),(x :: Int,ord c :: Int)],y + x :: Int)
([(y :: Int,x :: Int),(x :: Int,ord 'a' :: Int)],y + x :: Int)
([(y :: Int,0 :: Int),(x :: Int,ord 'a' :: Int)],y + x :: Int)
([(x :: Int,y :: Int)],0 :: Int)
([(x :: Int,1 :: Int)],0 :: Int)
([(x :: Int,id x :: Int)],0 :: Int)
([(x :: Int,id 0 :: Int)],0 :: Int)
([(xs :: [Int],ys :: [Int]),(x :: Int,x :: Int)],x :: Int)
([(xs :: [Int],[0] :: [Int]),(x :: Int,x :: Int)],x :: Int)
([(xs :: [Int],ys :: [Int]),(x :: Int,0 :: Int)],x :: Int)
([(xs :: [Int],[0] :: [Int]),(x :: Int,0 :: Int)],x :: Int)
([(xs :: [Int],xs :: [Int]),(x :: Int,y :: Int)],x :: Int)
([(xs :: [Int],[] :: [Int]),(x :: Int,y :: Int)],x :: Int)
([(xs :: [Int],xs :: [Int]),(x :: Int,1 :: Int)],x :: Int)
([(xs :: [Int],[] :: [Int]),(x :: Int,1 :: Int)],x :: Int)
([(xs :: [Int],xs :: [Int]),(x :: Int,id x :: Int)],x :: Int)
([(xs :: [Int],[] :: [Int]),(x :: Int,id x :: Int)],x :: Int)
([(xs :: [Int],xs :: [Int]),(x :: Int,id 0 :: Int)],x :: Int)
([(xs :: [Int],[] :: [Int]),(x :: Int,id 0 :: Int)],x :: Int)
([(p :: Bool,r :: Bool)],p :: Bool)
([(p :: Bool,not q :: Bool)],p :: Bool)
([(p :: Bool,not (not p) :: Bool)],p :: Bool)
([(p :: Bool,not (not False) :: Bool)],p :: Bool)
([(p :: Bool,not (not True) :: Bool)],p :: Bool)
([(q :: Bool,p :: Bool),(p :: Bool,p :: Bool)],not p && not q :: Bool)
([(q :: Bool,False :: Bool),(p :: Bool,p :: Bool)],not p && not q :: Bool)
([(q :: Bool,True :: Bool),(p :: Bool,p :: Bool)],not p && not q :: Bool)
([(q :: Bool,p :: Bool),(p :: Bool,False :: Bool)],not p && not q :: Bool)
([(q :: Bool,False :: Bool),(p :: Bool,False :: Bool)],not p && not q :: Bool)
([(q :: Bool,True :: Bool),(p :: Bool,False :: Bool)],not p && not q :: Bool)
([(q :: Bool,p :: Bool),(p :: Bool,True :: Bool)],not p && not q :: Bool)
([(q :: Bool,False :: Bool),(p :: Bool,True :: Bool)],not p && not q :: Bool)
([(q :: Bool,True :: Bool),(p :: Bool,True :: Bool)],not p && not q :: Bool)
([(x :: Int,x :: Int)],even x :: Bool)
([(x :: Int,0 :: Int)],even x :: Bool)
([(x :: Int,x :: Int)],odd x :: Bool)
([(x :: Int,0 :: Int)],odd x :: Bool)
([(q :: Bool,q :: Bool),(p :: Bool,p :: Bool)],q || p :: Bool)
([(q :: Bool,not p :: Bool),(p :: Bool,p :: Bool)],q || p :: Bool)
([(q :: Bool,not False :: Bool),(p :: Bool,p :: Bool)],q || p :: Bool)
([(q :: Bool,not True :: Bool),(p :: Bool,p :: Bool)],q || p :: Bool)
([(q :: Bool,q :: Bool),(p :: Bool,False :: Bool)],q || p :: Bool)
([(q :: Bool,not p :: Bool),(p :: Bool,False :: Bool)],q || p :: Bool)
([(q :: Bool,not False :: Bool),(p :: Bool,False :: Bool)],q || p :: Bool)
([(q :: Bool,not True :: Bool),(p :: Bool,False :: Bool)],q || p :: Bool)
([(q :: Bool,q :: Bool),(p :: Bool,True :: Bool)],q || p :: Bool)
([(q :: Bool,not p :: Bool),(p :: Bool,True :: Bool)],q || p :: Bool)
([(q :: Bool,not False :: Bool),(p :: Bool,True :: Bool)],q || p :: Bool)
([(q :: Bool,not True :: Bool),(p :: Bool,True :: Bool)],q || p :: Bool)
([(q :: Bool,p :: Bool),(p :: Bool,q :: Bool)],q || p :: Bool)
([(q :: Bool,False :: Bool),(p :: Bool,q :: Bool)],q || p :: Bool)
([(q :: Bool,True :: Bool),(p :: Bool,q :: Bool)],q || p :: Bool)
([(q :: Bool,p :: Bool),(p :: Bool,not p :: Bool)],q || p :: Bool)
([(q :: Bool,False :: Bool),(p :: Bool,not p :: Bool)],q || p :: Bool)
([(q :: Bool,True :: Bool),(p :: Bool,not p :: Bool)],q || p :: Bool)
([(q :: Bool,p :: Bool),(p :: Bool,not False :: Bool)],q || p :: Bool)
([(q :: Bool,False :: Bool),(p :: Bool,not False :: Bool)],q || p :: Bool)
([(q :: Bool,True :: Bool),(p :: Bool,not False :: Bool)],q || p :: Bool)
([(q :: Bool,p :: Bool),(p :: Bool,not True :: Bool)],q || p :: Bool)
([(q :: Bool,False :: Bool),(p :: Bool,not True :: Bool)],q || p :: Bool)
([(q :: Bool,True :: Bool),(p :: Bool,not True :: Bool)],q || p :: Bool)
([(p :: Bool,p :: Bool)],p :: Bool)
([(q :: Bool,False :: Bool),(p :: Bool,p :: Bool)],q && p :: Bool)
([(q :: Bool,True :: Bool),(p :: Bool,p :: Bool)],q && p :: Bool)
([(q :: Bool,p :: Bool),(p :: Bool,False :: Bool)],q && p :: Bool)
([(p :: Bool,False :: Bool)],p :: Bool)
([(q :: Bool,True :: Bool),(p :: Bool,False :: Bool)],q && p :: Bool)
([(q :: Bool,p :: Bool),(p :: Bool,True :: Bool)],q && p :: Bool)
([(q :: Bool,False :: Bool),(p :: Bool,True :: Bool)],q && p :: Bool)
([(p :: Bool,True :: Bool)],p :: Bool)
([(xs :: [Int],xs :: [Int]),(x :: Int,x :: Int)],xs :: [Int])
([(xs :: [Int],[] :: [Int]),(x :: Int,x :: Int)],xs :: [Int])
([(xs :: [Int],xs :: [Int]),(x :: Int,0 :: Int)],xs :: [Int])
([(xs :: [Int],[] :: [Int]),(x :: Int,0 :: Int)],xs :: [Int])
([(xs :: [Int],ys :: [Int])],xs :: [Int])
([(xs :: [Int],[0] :: [Int])],xs :: [Int])
([(xs :: [Int],ys :: [Int])],xs :: [Int])
([(xs :: [Int],[0] :: [Int])],xs :: [Int])
([(x :: Int,x :: Int)],[x] :: [Int])
([(x :: Int,0 :: Int)],[x] :: [Int])
([(x :: Int,z' :: Int)],x :: Int)
([(x :: Int,3 :: Int)],x :: Int)
([(x :: Int,id y' :: Int)],x :: Int)
([(x :: Int,id (-2) :: Int)],x :: Int)
([(x :: Int,id (id x') :: Int)],x :: Int)
([(x :: Int,id (id 2) :: Int)],x :: Int)
([(x :: Int,id (id (id z)) :: Int)],x :: Int)
([(x :: Int,id (id (id (-1))) :: Int)],x :: Int)
([(x :: Int,id (id (id (id y))) :: Int)],x :: Int)
([(x :: Int,id (id (id (id 1))) :: Int)],x :: Int)
([(x :: Int,id (id (id (id (id x)))) :: Int)],x :: Int)
([(x :: Int,id (id (id (id (id 0)))) :: Int)],x :: Int)
([(x :: Int,id (id (id (negate x))) :: Int)],x :: Int)
([(x :: Int,id (id (id (negate 0))) :: Int)],x :: Int)
([(x :: Int,id (id (id (abs x))) :: Int)],x :: Int)
([(x :: Int,id (id (id (abs 0))) :: Int)],x :: Int)
([(x :: Int,id (id (id (head xs))) :: Int)],x :: Int)
([(x :: Int,id (id (id (head []))) :: Int)],x :: Int)
([(x :: Int,id (id (id (ord c))) :: Int)],x :: Int)
([(x :: Int,id (id (id (ord 'a'))) :: Int)],x :: Int)
([(x :: Int,id (id (negate y)) :: Int)],x :: Int)
([(x :: Int,id (id (negate 1)) :: Int)],x :: Int)
([(x :: Int,id (id (negate (id x))) :: Int)],x :: Int)
([(x :: Int,id (id (negate (id 0))) :: Int)],x :: Int)
([(x :: Int,id (id (abs y)) :: Int)],x :: Int)
([(x :: Int,id (id (abs 1)) :: Int)],x :: Int)
([(x :: Int,id (id (abs (id x))) :: Int)],x :: Int)
([(x :: Int,id (id (abs (id 0))) :: Int)],x :: Int)
([(x :: Int,id (id (x + x)) :: Int)],x :: Int)
([(x :: Int,id (id (x + 0)) :: Int)],x :: Int)
([(x :: Int,id (id (0 + x)) :: Int)],x :: Int)
([(x :: Int,id (id (0 + 0)) :: Int)],x :: Int)
([(x :: Int,id (id (f x)) :: Int)],x :: Int)
([(x :: Int,id (id (f 0)) :: Int)],x :: Int)
([(x :: Int,id (id (head ys)) :: Int)],x :: Int)
([(x :: Int,id (id (head [0])) :: Int)],x :: Int)
([(x :: Int,id (id (ord d)) :: Int)],x :: Int)
([(x :: Int,id (id (ord ' ')) :: Int)],x :: Int)
([(x :: Int,id (negate z) :: Int)],x :: Int)
([(x :: Int,id (negate (-1)) :: Int)],x :: Int)
([(x :: Int,id (negate (id y)) :: Int)],x :: Int)
([(x :: Int,id (negate (id 1)) :: Int)],x :: Int)
([(x :: Int,id (negate (id (id x))) :: Int)],x :: Int)
([(x :: Int,id (negate (id (id 0))) :: Int)],x :: Int)
([(x :: Int,id (negate (negate x)) :: Int)],x :: Int)
([(x :: Int,id (negate (negate 0)) :: Int)],x :: Int)
([(x :: Int,id (negate (abs x)) :: Int)],x :: Int)
([(x :: Int,id (negate (abs 0)) :: Int)],x :: Int)
([(x :: Int,id (negate (head xs)) :: Int)],x :: Int)
([(x :: Int,id (negate (head [])) :: Int)],x :: Int)
([(x :: Int,id (negate (ord c)) :: Int)],x :: Int)
([(x :: Int,id (negate (ord 'a')) :: Int)],x :: Int)
([(x :: Int,id (abs z) :: Int)],x :: Int)
([(x :: Int,id (abs (-1)) :: Int)],x :: Int)
([(x :: Int,id (abs (id y)) :: Int)],x :: Int)
([(x :: Int,id (abs (id 1)) :: Int)],x :: Int)
([(x :: Int,id (abs (id (id x))) :: Int)],x :: Int)
([(x :: Int,id (abs (id (id 0))) :: Int)],x :: Int)
([(x :: Int,id (abs (negate x)) :: Int)],x :: Int)
([(x :: Int,id (abs (negate 0)) :: Int)],x :: Int)
([(x :: Int,id (abs (abs x)) :: Int)],x :: Int)
([(x :: Int,id (abs (abs 0)) :: Int)],x :: Int)
([(x :: Int,id (abs (head xs)) :: Int)],x :: Int)
([(x :: Int,id (abs (head [])) :: Int)],x :: Int)
([(x :: Int,id (abs (ord c)) :: Int)],x :: Int)
([(x :: Int,id (abs (ord 'a')) :: Int)],x :: Int)
([(x :: Int,id (x + y) :: Int)],x :: Int)
([(x :: Int,id (x + 1) :: Int)],x :: Int)
([(x :: Int,id (x + id x) :: Int)],x :: Int)
([(x :: Int,id (x + id 0) :: Int)],x :: Int)
([(x :: Int,id (0 + y) :: Int)],x :: Int)
([(x :: Int,id (0 + 1) :: Int)],x :: Int)
([(x :: Int,id (0 + id x) :: Int)],x :: Int)
([(x :: Int,id (0 + id 0) :: Int)],x :: Int)
([(x :: Int,id (f y) :: Int)],x :: Int)
([(x :: Int,id (f 1) :: Int)],x :: Int)
([(x :: Int,id (f (id x)) :: Int)],x :: Int)
([(x :: Int,id (f (id 0)) :: Int)],x :: Int)
([(x :: Int,id (y + x) :: Int)],x :: Int)
([(x :: Int,id (y + 0) :: Int)],x :: Int)
([(x :: Int,id (1 + x) :: Int)],x :: Int)
([(x :: Int,id (1 + 0) :: Int)],x :: Int)
([(x :: Int,id (id x + x) :: Int)],x :: Int)
([(x :: Int,id (id x + 0) :: Int)],x :: Int)
([(x :: Int,id (id 0 + x) :: Int)],x :: Int)
([(x :: Int,id (id 0 + 0) :: Int)],x :: Int)
([(x :: Int,id (x * x) :: Int)],x :: Int)
([(x :: Int,id (x * 0) :: Int)],x :: Int)
([(x :: Int,id (0 * x) :: Int)],x :: Int)
([(x :: Int,id (0 * 0) :: Int)],x :: Int)
([(x :: Int,id (g x) :: Int)],x :: Int)
([(x :: Int,id (g 0) :: Int)],x :: Int)
([(x :: Int,id (head zs) :: Int)],x :: Int)
([(x :: Int,id (head [0,0]) :: Int)],x :: Int)
([(x :: Int,id (head [1]) :: Int)],x :: Int)
([(x :: Int,id (head (x:xs)) :: Int)],x :: Int)
([(x :: Int,id (head [x]) :: Int)],x :: Int)
([(x :: Int,id (head (0:xs)) :: Int)],x :: Int)
([(x :: Int,id (head [0]) :: Int)],x :: Int)
([(x :: Int,id (head (tail xs)) :: Int)],x :: Int)
([(x :: Int,id (head (tail [])) :: Int)],x :: Int)
([(x :: Int,id (ord e) :: Int)],x :: Int)
([(x :: Int,id (ord 'b') :: Int)],x :: Int)
([(x :: Int,negate x' :: Int)],x :: Int)
([(x :: Int,negate 2 :: Int)],x :: Int)
([(x :: Int,negate (id z) :: Int)],x :: Int)
([(x :: Int,negate (id (-1)) :: Int)],x :: Int)
([(x :: Int,negate (id (id y)) :: Int)],x :: Int)
([(x :: Int,negate (id (id 1)) :: Int)],x :: Int)
([(x :: Int,negate (id (id (id x))) :: Int)],x :: Int)
([(x :: Int,negate (id (id (id 0))) :: Int)],x :: Int)
([(x :: Int,negate (id (negate x)) :: Int)],x :: Int)
([(x :: Int,negate (id (negate 0)) :: Int)],x :: Int)
([(x :: Int,negate (id (abs x)) :: Int)],x :: Int)
([(x :: Int,negate (id (abs 0)) :: Int)],x :: Int)
([(x :: Int,negate (id (head xs)) :: Int)],x :: Int)
([(x :: Int,negate (id (head [])) :: Int)],x :: Int)
([(x :: Int,negate (id (ord c)) :: Int)],x :: Int)
([(x :: Int,negate (id (ord 'a')) :: Int)],x :: Int)
([(x :: Int,negate (negate y) :: Int)],x :: Int)
([(x :: Int,negate (negate 1) :: Int)],x :: Int)
([(x :: Int,negate (negate (id x)) :: Int)],x :: Int)
([(x :: Int,negate (negate (id 0)) :: Int)],x :: Int)
([(x :: Int,negate (abs y) :: Int)],x :: Int)
([(x :: Int,negate (abs 1) :: Int)],x :: Int)
([(x :: Int,negate (abs (id x)) :: Int)],x :: Int)
([(x :: Int,negate (abs (id 0)) :: Int)],x :: Int)
([(x :: Int,negate (x + x) :: Int)],x :: Int)
([(x :: Int,negate (x + 0) :: Int)],x :: Int)
([(x :: Int,negate (0 + x) :: Int)],x :: Int)
([(x :: Int,negate (0 + 0) :: Int)],x :: Int)
([(x :: Int,negate (f x) :: Int)],x :: Int)
([(x :: Int,negate (f 0) :: Int)],x :: Int)
([(x :: Int,negate (head ys) :: Int)],x :: Int)
([(x :: Int,negate (head [0]) :: Int)],x :: Int)
([(x :: Int,negate (ord d) :: Int)],x :: Int)
([(x :: Int,negate (ord ' ') :: Int)],x :: Int)
([(x :: Int,abs x' :: Int)],x :: Int)
([(x :: Int,abs 2 :: Int)],x :: Int)
([(x :: Int,abs (id z) :: Int)],x :: Int)
([(x :: Int,abs (id (-1)) :: Int)],x :: Int)
([(x :: Int,abs (id (id y)) :: Int)],x :: Int)
([(x :: Int,abs (id (id 1)) :: Int)],x :: Int)
([(x :: Int,abs (id (id (id x))) :: Int)],x :: Int)
([(x :: Int,abs (id (id (id 0))) :: Int)],x :: Int)
([(x :: Int,abs (id (negate x)) :: Int)],x :: Int)
([(x :: Int,abs (id (negate 0)) :: Int)],x :: Int)
([(x :: Int,abs (id (abs x)) :: Int)],x :: Int)
([(x :: Int,abs (id (abs 0)) :: Int)],x :: Int)
([(x :: Int,abs (id (head xs)) :: Int)],x :: Int)
([(x :: Int,abs (id (head [])) :: Int)],x :: Int)
([(x :: Int,abs (id (ord c)) :: Int)],x :: Int)
([(x :: Int,abs (id (ord 'a')) :: Int)],x :: Int)
([(x :: Int,abs (negate y) :: Int)],x :: Int)
([(x :: Int,abs (negate 1) :: Int)],x :: Int)
([(x :: Int,abs (negate (id x)) :: Int)],x :: Int)
([(x :: Int,abs (negate (id 0)) :: Int)],x :: Int)
([(x :: Int,abs (abs y) :: Int)],x :: Int)
([(x :: Int,abs (abs 1) :: Int)],x :: Int)
([(x :: Int,abs (abs (id x)) :: Int)],x :: Int)
([(x :: Int,abs (abs (id 0)) :: Int)],x :: Int)
([(x :: Int,abs (x + x) :: Int)],x :: Int)
([(x :: Int,abs (x + 0) :: Int)],x :: Int)
([(x :: Int,abs (0 + x) :: Int)],x :: Int)
([(x :: Int,abs (0 + 0) :: Int)],x :: Int)
([(x :: Int,abs (f x) :: Int)],x :: Int)
([(x :: Int,abs (f 0) :: Int)],x :: Int)
([(x :: Int,abs (head ys) :: Int)],x :: Int)
([(x :: Int,abs (head [0]) :: Int)],x :: Int)
([(x :: Int,abs (ord d) :: Int)],x :: Int)
([(x :: Int,abs (ord ' ') :: Int)],x :: Int)
([(x :: Int,x + z :: Int)],x :: Int)
([(x :: Int,x + (-1) :: Int)],x :: Int)
([(x :: Int,x + id y :: Int)],x :: Int)
([(x :: Int,x + id 1 :: Int)],x :: Int)
([(x :: Int,x + id (id x) :: Int)],x :: Int)
([(x :: Int,x + id (id 0) :: Int)],x :: Int)
([(x :: Int,x + negate x :: Int)],x :: Int)
([(x :: Int,x + negate 0 :: Int)],x :: Int)
([(x :: Int,x + abs x :: Int)],x :: Int)
([(x :: Int,x + abs 0 :: Int)],x :: Int)
([(x :: Int,x + head xs :: Int)],x :: Int)
([(x :: Int,x + head [] :: Int)],x :: Int)
([(x :: Int,x + ord c :: Int)],x :: Int)
([(x :: Int,x + ord 'a' :: Int)],x :: Int)
([(x :: Int,0 + z :: Int)],x :: Int)
([(x :: Int,0 + (-1) :: Int)],x :: Int)
([(x :: Int,0 + id y :: Int)],x :: Int)
([(x :: Int,0 + id 1 :: Int)],x :: Int)
([(x :: Int,0 + id (id x) :: Int)],x :: Int)
([(x :: Int,0 + id (id 0) :: Int)],x :: Int)
([(x :: Int,0 + negate x :: Int)],x :: Int)
([(x :: Int,0 + negate 0 :: Int)],x :: Int)
([(x :: Int,0 + abs x :: Int)],x :: Int)
([(x :: Int,0 + abs 0 :: Int)],x :: Int)
([(x :: Int,0 + head xs :: Int)],x :: Int)
([(x :: Int,0 + head [] :: Int)],x :: Int)
([(x :: Int,0 + ord c :: Int)],x :: Int)
([(x :: Int,0 + ord 'a' :: Int)],x :: Int)
([(x :: Int,f z :: Int)],x :: Int)
([(x :: Int,f (-1) :: Int)],x :: Int)
([(x :: Int,f (id y) :: Int)],x :: Int)
([(x :: Int,f (id 1) :: Int)],x :: Int)
([(x :: Int,f (id (id x)) :: Int)],x :: Int)
([(x :: Int,f (id (id 0)) :: Int)],x :: Int)
([(x :: Int,f (negate x) :: Int)],x :: Int)
([(x :: Int,f (negate 0) :: Int)],x :: Int)
([(x :: Int,f (abs x) :: Int)],x :: Int)
([(x :: Int,f (abs 0) :: Int)],x :: Int)
([(x :: Int,f (head xs) :: Int)],x :: Int)
([(x :: Int,f (head []) :: Int)],x :: Int)
([(x :: Int,f (ord c) :: Int)],x :: Int)
([(x :: Int,f (ord 'a') :: Int)],x :: Int)
([(x :: Int,y + y :: Int)],x :: Int)
([(x :: Int,y + 1 :: Int)],x :: Int)
([(x :: Int,y + id x :: Int)],x :: Int)
([(x :: Int,y + id 0 :: Int)],x :: Int)
([(x :: Int,1 + y :: Int)],x :: Int)
([(x :: Int,1 + 1 :: Int)],x :: Int)
([(x :: Int,1 + id x :: Int)],x :: Int)
([(x :: Int,1 + id 0 :: Int)],x :: Int)
([(x :: Int,id x + y :: Int)],x :: Int)
([(x :: Int,id x + 1 :: Int)],x :: Int)
([(x :: Int,id x + id x :: Int)],x :: Int)
([(x :: Int,id x + id 0 :: Int)],x :: Int)
([(x :: Int,id 0 + y :: Int)],x :: Int)
([(x :: Int,id 0 + 1 :: Int)],x :: Int)
([(x :: Int,id 0 + id x :: Int)],x :: Int)
([(x :: Int,id 0 + id 0 :: Int)],x :: Int)
([(x :: Int,x * y :: Int)],x :: Int)
([(x :: Int,x * 1 :: Int)],x :: Int)
([(x :: Int,x * id x :: Int)],x :: Int)
([(x :: Int,x * id 0 :: Int)],x :: Int)
([(x :: Int,0 * y :: Int)],x :: Int)
([(x :: Int,0 * 1 :: Int)],x :: Int)
([(x :: Int,0 * id x :: Int)],x :: Int)
([(x :: Int,0 * id 0 :: Int)],x :: Int)
([(x :: Int,g y :: Int)],x :: Int)
([(x :: Int,g 1 :: Int)],x :: Int)
([(x :: Int,g (id x) :: Int)],x :: Int)
([(x :: Int,g (id 0) :: Int)],x :: Int)
([(x :: Int,z + x :: Int)],x :: Int)
([(x :: Int,z + 0 :: Int)],x :: Int)
([(x :: Int,(-1) + x :: Int)],x :: Int)
([(x :: Int,(-1) + 0 :: Int)],x :: Int)
([(x :: Int,id y + x :: Int)],x :: Int)
([(x :: Int,id y + 0 :: Int)],x :: Int)
([(x :: Int,id 1 + x :: Int)],x :: Int)
([(x :: Int,id 1 + 0 :: Int)],x :: Int)
([(x :: Int,id (id x) + x :: Int)],x :: Int)
([(x :: Int,id (id x) + 0 :: Int)],x :: Int)
([(x :: Int,id (id 0) + x :: Int)],x :: Int)
([(x :: Int,id (id 0) + 0 :: Int)],x :: Int)
([(x :: Int,negate x + x :: Int)],x :: Int)
([(x :: Int,negate x + 0 :: Int)],x :: Int)
([(x :: Int,negate 0 + x :: Int)],x :: Int)
([(x :: Int,negate 0 + 0 :: Int)],x :: Int)
([(x :: Int,abs x + x :: Int)],x :: Int)
([(x :: Int,abs x + 0 :: Int)],x :: Int)
([(x :: Int,abs 0 + x :: Int)],x :: Int)
([(x :: Int,abs 0 + 0 :: Int)],x :: Int)
([(x :: Int,head xs + x :: Int)],x :: Int)
([(x :: Int,head xs + 0 :: Int)],x :: Int)
([(x :: Int,head [] + x :: Int)],x :: Int)
([(x :: Int,head [] + 0 :: Int)],x :: Int)
([(x :: Int,ord c + x :: Int)],x :: Int)
([(x :: Int,ord c + 0 :: Int)],x :: Int)
([(x :: Int,ord 'a' + x :: Int)],x :: Int)
([(x :: Int,ord 'a' + 0 :: Int)],x :: Int)
([(x :: Int,y * x :: Int)],x :: Int)
([(x :: Int,y * 0 :: Int)],x :: Int)
([(x :: Int,1 * x :: Int)],x :: Int)
([(x :: Int,1 * 0 :: Int)],x :: Int)
([(x :: Int,id x * x :: Int)],x :: Int)
([(x :: Int,id x * 0 :: Int)],x :: Int)
([(x :: Int,id 0 * x :: Int)],x :: Int)
([(x :: Int,id 0 * 0 :: Int)],x :: Int)
([(x :: Int,h x :: Int)],x :: Int)
([(x :: Int,h 0 :: Int)],x :: Int)
([(x :: Int,head xs' :: Int)],x :: Int)
([(x :: Int,head [0,0,0] :: Int)],x :: Int)
([(x :: Int,head [0,1] :: Int)],x :: Int)
([(x :: Int,head [1,0] :: Int)],x :: Int)
([(x :: Int,head [-1] :: Int)],x :: Int)
([(x :: Int,head (x:ys) :: Int)],x :: Int)
([(x :: Int,head [x,0] :: Int)],x :: Int)
([(x :: Int,head (0:ys) :: Int)],x :: Int)
([(x :: Int,head [0,0] :: Int)],x :: Int)
([(x :: Int,head (y:xs) :: Int)],x :: Int)
([(x :: Int,head [y] :: Int)],x :: Int)
([(x :: Int,head (1:xs) :: Int)],x :: Int)
([(x :: Int,head [1] :: Int)],x :: Int)
([(x :: Int,head (id x:xs) :: Int)],x :: Int)
([(x :: Int,head [id x] :: Int)],x :: Int)
([(x :: Int,head (id 0:xs) :: Int)],x :: Int)
([(x :: Int,head [id 0] :: Int)],x :: Int)
([(x :: Int,head (tail ys) :: Int)],x :: Int)
([(x :: Int,head (tail [0]) :: Int)],x :: Int)
([(x :: Int,head (xs ++ xs) :: Int)],x :: Int)
([(x :: Int,head (xs ++ []) :: Int)],x :: Int)
([(x :: Int,head ([] ++ xs) :: Int)],x :: Int)
([(x :: Int,head ([] ++ []) :: Int)],x :: Int)
([(x :: Int,head (sort xs) :: Int)],x :: Int)
([(x :: Int,head (sort []) :: Int)],x :: Int)
([(x :: Int,ord c' :: Int)],x :: Int)
([(x :: Int,ord 'A' :: Int)],x :: Int)

True
